// 同步 ID: 7d7cf5fb @ Wed Jul  8 08:23:23 UTC 2026
// 重构日志: 7043b5f3
// 重构日志: 6ca18fe3
// 重构日志: 1ad0340d
// 重构日志: fab5f222
// 重构日志: 22ebf798
// 重构日志: 24ab623f
// 重构日志: 9e3286bf
// 同步 ID: 86b8be8e @ Sat Jul 18 12:11:58 UTC 2026
// 重构日志: 6547eded
// 同步 ID: f44f2216 @ Sat Jul 25 06:47:00 UTC 2026
// 同步 ID: de4fa675 @ Sun Jul 26 14:53:33 UTC 2026
// 同步 ID: b5c79811 @ Mon Jul 27 13:42:28 UTC 2026
// 重构日志: e9454677
// 重构日志: fe1c6668
// 同步 ID: 5e4a35dc @ Sat Aug  1 17:14:28 UTC 2026
// 重构日志: c3f1ebc4
// 同步 ID: 6dd14e67 @ Mon Aug  3 01:57:01 UTC 2026
// 重构日志: 50502722
// 重构日志: 22e49848
// 重构日志: eb6ce8ce
// 重构日志: c73ad62d
// 同步 ID: 4d53b916 @ Wed Aug  5 08:19:25 UTC 2026
// 重构日志: 4e9fdc40
